node : node:events:491
At line:1 char:1
+ node server-new.js > test-output.txt 2>&1 ; Get-Content test-output.t ...
+ ~~~~~~~~~~~~~~~~~~~~~~~~~~~~~~~~~~~~~~~~~
    + CategoryInfo          : NotSpecified: (node:events:491:String) [], Remot 
   eException
    + FullyQualifiedErrorId : NativeCommandError
 
      throw er; // Unhandled 'error' event
      ^

Error: listen EADDRINUSE: address already in use :::8000
    at Server.setupListenHandle [as _listen2] (node:net:1912:16)
    at listenInCluster (node:net:1969:12)
    at Server.listen (node:net:2074:7)
    at Object.<anonymous> (C:\Users\User\OneDrive\Desktop\Rudransh_Enterprises\
backend\server-new.js:260:8)
    at Module._compile (node:internal/modules/cjs/loader:1546:14)
    at Object..js (node:internal/modules/cjs/loader:1698:10)
    at Module.load (node:internal/modules/cjs/loader:1303:32)
    at Function._load (node:internal/modules/cjs/loader:1117:12)
    at TracingChannel.traceSync (node:diagnostics_channel:322:14)
    at wrapModuleLoad (node:internal/modules/cjs/loader:218:24)
Emitted 'error' event on Server instance at:
    at emitErrorNT (node:net:1948:8)
    at process.processTicksAndRejections 
(node:internal/process/task_queues:90:21) {
  code: 'EADDRINUSE',
  errno: -4091,
  syscall: 'listen',
  address: '::',
  port: 8000
}

Node.js v23.3.0
